Compose can now delegate builds to bake for better performance.
 To do so, set COMPOSE_BAKE=true.
#0 building with "desktop-linux" instance using docker driver

#1 [coordinator internal] load build definition from Dockerfile
#1 transferring dockerfile: 252B done
#1 DONE 0.0s

#2 [coordinator internal] load metadata for docker.io/library/python:3.12-slim-bookworm
#2 DONE 0.0s

#3 [coordinator internal] load .dockerignore
#3 transferring context: 82B done
#3 DONE 0.0s

#4 [coordinator internal] load build context
#4 transferring context: 7.23kB done
#4 DONE 0.0s

#5 [coordinator 1/3] FROM docker.io/library/python:3.12-slim-bookworm@sha256:782412e85d0f0984994c290652577d4018aff08145c85b262bb63dc0c7522254
#5 resolve docker.io/library/python:3.12-slim-bookworm@sha256:782412e85d0f0984994c290652577d4018aff08145c85b262bb63dc0c7522254 0.1s done
#5 DONE 0.1s

#6 [coordinator 2/3] WORKDIR /app
#6 CACHED

#7 [coordinator 3/3] COPY handoff /app/handoff
#7 DONE 0.1s

#8 [coordinator] exporting to image
#8 exporting layers 0.0s done
#8 exporting manifest sha256:25fc4c1e70191aff3f633e8af6dd07061afa8ca1e2bb6c0191877c78606622e5 done
#8 exporting config sha256:66bb044379ca2ed90555e5fea4ce977c0eca4219588300ec13052997be6fb710 done
#8 exporting attestation manifest sha256:51fe12d2ac29cb37bcff848da440cabab1d2d7192a184577f52013430fb518f4 done
#8 exporting manifest list sha256:0a94b82ce8b1907cb52f6ab80210b1871b4a70ea532d0772e601b18aa5d9c1e3 done
#8 naming to docker.io/library/conversational-handoff-retrospective-coordinator:latest done
#8 unpacking to docker.io/library/conversational-handoff-retrospective-coordinator:latest 0.0s done
#8 DONE 0.1s

#9 [coordinator] resolving provenance for metadata file
#9 DONE 0.0s
 coordinator  Built
 Container conversational-handoff-retrospective-coordinator-1  Recreate
 Container conversational-handoff-retrospective-coordinator-1  Recreated
 Container conversational-handoff-retrospective-coordinator-1  Starting
 Container conversational-handoff-retrospective-coordinator-1  Started
