Compose can now delegate builds to bake for better performance.
 To do so, set COMPOSE_BAKE=true.
#0 building with "desktop-linux" instance using docker driver

#1 [coordinator internal] load build definition from Dockerfile
#1 transferring dockerfile: 252B done
#1 DONE 0.0s

#2 [coordinator internal] load metadata for docker.io/library/python:3.12-slim-bookworm
#2 DONE 0.1s

#3 [coordinator internal] load .dockerignore
#3 transferring context: 82B done
#3 DONE 0.0s

#4 [coordinator internal] load build context
#4 transferring context: 16.66kB done
#4 DONE 0.0s

#5 [coordinator 1/3] FROM docker.io/library/python:3.12-slim-bookworm@sha256:782412e85d0f0984994c290652577d4018aff08145c85b262bb63dc0c7522254
#5 resolve docker.io/library/python:3.12-slim-bookworm@sha256:782412e85d0f0984994c290652577d4018aff08145c85b262bb63dc0c7522254
#5 resolve docker.io/library/python:3.12-slim-bookworm@sha256:782412e85d0f0984994c290652577d4018aff08145c85b262bb63dc0c7522254 1.5s done
#5 DONE 1.5s

#6 [coordinator 2/3] WORKDIR /app
#6 CACHED

#7 [coordinator 3/3] COPY handoff /app/handoff
#7 DONE 0.0s

#8 [coordinator] exporting to image
#8 exporting layers
#8 exporting layers 0.0s done
#8 exporting manifest sha256:4d878cc3244acfaafe4125a106f4078c9a9d06cad20fc39b7bf4880848ac7c51 done
#8 exporting config sha256:7dd6b25ba0c3e4d5b878bb30db4956135ea933b482f491eac27a3c1fe8c74f60 done
#8 exporting attestation manifest sha256:664dbcbf07df91bdbe925a1037c3c426e5be2ac80d4191ac3788f8e4eed7b842 done
#8 exporting manifest list sha256:5bdbcd97c439cc391517273c91101d9ea8928fe97c6139a881c2652dd9d33b0c done
#8 naming to docker.io/library/conversational-handoff-retrospective-coordinator:latest done
#8 unpacking to docker.io/library/conversational-handoff-retrospective-coordinator:latest 0.0s done
#8 DONE 0.1s

#9 [coordinator] resolving provenance for metadata file
#9 DONE 0.0s
 coordinator  Built
 Volume "conversational-handoff-retrospective_rasa-state"  Creating
 Volume "conversational-handoff-retrospective_rasa-state"  Created
 Container conversational-handoff-retrospective-rasa-state-init-1  Creating
 Container conversational-handoff-retrospective-actions-1  Running
 Container conversational-handoff-retrospective-coordinator-1  Recreate
 Container conversational-handoff-retrospective-rasa-state-init-1  Created
 Container conversational-handoff-retrospective-rasa-1  Recreate
 Container conversational-handoff-retrospective-rasa-1  Recreated
 Container conversational-handoff-retrospective-coordinator-1  Recreated
 Container conversational-handoff-retrospective-coordinator-1  Starting
 Container conversational-handoff-retrospective-rasa-state-init-1  Starting
 Container conversational-handoff-retrospective-rasa-state-init-1  Started
 Container conversational-handoff-retrospective-rasa-state-init-1  Waiting
 Container conversational-handoff-retrospective-coordinator-1  Started
 Container conversational-handoff-retrospective-rasa-state-init-1  Exited
 Container conversational-handoff-retrospective-rasa-1  Starting
 Container conversational-handoff-retrospective-rasa-1  Started
