Compose can now delegate builds to bake for better performance.
 To do so, set COMPOSE_BAKE=true.
#0 building with "desktop-linux" instance using docker driver

#1 [coordinator internal] load build definition from Dockerfile
#1 transferring dockerfile: 252B done
#1 DONE 0.0s

#2 [coordinator internal] load metadata for docker.io/library/python:3.12-slim-bookworm
#2 DONE 0.0s

#3 [coordinator internal] load .dockerignore
#3 transferring context: 82B done
#3 DONE 0.0s

#4 [coordinator internal] load build context
#4 transferring context: 8.88kB done
#4 DONE 0.0s

#5 [coordinator 1/3] FROM docker.io/library/python:3.12-slim-bookworm@sha256:782412e85d0f0984994c290652577d4018aff08145c85b262bb63dc0c7522254
#5 resolve docker.io/library/python:3.12-slim-bookworm@sha256:782412e85d0f0984994c290652577d4018aff08145c85b262bb63dc0c7522254 0.0s done
#5 DONE 0.0s

#6 [coordinator 2/3] WORKDIR /app
#6 CACHED

#7 [coordinator 3/3] COPY handoff /app/handoff
#7 DONE 0.0s

#8 [coordinator] exporting to image
#8 exporting layers 0.0s done
#8 exporting manifest sha256:5ec584c89327b314701be56328467972cb22daab78d7c08cf8b632f4dd126d3b done
#8 exporting config sha256:338036ea63c91ff9c95e97ce22a9f59220191709e2253e4d153ebca4030a7d7c done
#8 exporting attestation manifest sha256:96f76433e6fb96b81cab005b3c1b5de6eff12b667cc2aaafb2a7372774f067fa done
#8 exporting manifest list sha256:7163dd31d1c2f5350a2063bc4fd11dad8d7a79522ee4ae2aea49091a592ba48f done
#8 naming to docker.io/library/conversational-handoff-retrospective-coordinator:latest done
#8 unpacking to docker.io/library/conversational-handoff-retrospective-coordinator:latest 0.0s done
#8 DONE 0.1s

#9 [coordinator] resolving provenance for metadata file
#9 DONE 0.0s
 coordinator  Built
 Container conversational-handoff-retrospective-coordinator-1  Recreate
 Container conversational-handoff-retrospective-coordinator-1  Recreated
 Container conversational-handoff-retrospective-coordinator-1  Starting
 Container conversational-handoff-retrospective-coordinator-1  Started
