docker run --rm --platform linux/amd64 -u 0:0 -e RASA_TELEMETRY_ENABLED=false -v "/Users/abhishek/Documents/datavedam/conversational-handoff-retrospective/rasa:/app" rasa/rasa:2.8.14-full train --fixed-model-name handoff
[93m/opt/venv/lib/python3.8/site-packages/rasa/utils/train_utils.py:641: UserWarning: constrain_similarities is set to `False`. It is recommended to set it to `True` when using cross-entropy loss. It will be set to `True` by default, Rasa Open Source 3.0.0 onwards.
  rasa.shared.utils.io.raise_warning(
[0m2026-09-29 12:16:29 INFO     rasa.shared.nlu.training_data.training_data  - Training data stats:
2026-09-29 12:16:29 INFO     rasa.shared.nlu.training_data.training_data  - Number of intent examples: 26 (5 distinct intents)

2026-09-29 12:16:29 INFO     rasa.shared.nlu.training_data.training_data  -   Found intents: 'inform', 'order_status', 'greet', 'request_human', 'nlu_fallback'
2026-09-29 12:16:29 INFO     rasa.shared.nlu.training_data.training_data  - Number of response examples: 0 (0 distinct responses)
2026-09-29 12:16:29 INFO     rasa.shared.nlu.training_data.training_data  - Number of entity examples: 0 (0 distinct entities)
2026-09-29 12:16:29 INFO     rasa.nlu.model  - Starting to train component WhitespaceTokenizer
2026-09-29 12:16:29 INFO     rasa.nlu.model  - Finished training component.
2026-09-29 12:16:29 INFO     rasa.nlu.model  - Starting to train component CountVectorsFeaturizer
2026-09-29 12:16:29 INFO     rasa.nlu.featurizers.sparse_featurizer.count_vectors_featurizer  - 47 vocabulary items were created for text attribute.
2026-09-29 12:16:29 INFO     rasa.nlu.model  - Finished training component.
2026-09-29 12:16:29 INFO     rasa.nlu.model  - Starting to train component DIETClassifier
/opt/venv/lib/python3.8/site-packages/rasa/utils/tensorflow/model_data.py:750: VisibleDeprecationWarning: Creating an ndarray from ragged nested sequences (which is a list-or-tuple of lists-or-tuples-or ndarrays with different lengths or shapes) is deprecated. If you meant to do this, you must specify 'dtype=object' when creating the ndarray
  np.concatenate(np.array(f)),
[94mTraining NLU model...[0m

Epochs:   0%|          | 0/30 [00:00<?, ?it/s]
Epochs:   3%|▎         | 1/30 [00:08<04:04,  8.44s/it]
Epochs:   3%|▎         | 1/30 [00:08<04:04,  8.44s/it, t_loss=11.2, i_acc=0.231]
Epochs:   7%|▋         | 2/30 [00:08<01:39,  3.54s/it, t_loss=11.2, i_acc=0.231]
Epochs:   7%|▋         | 2/30 [00:08<01:39,  3.54s/it, t_loss=7.2, i_acc=0.269]
Epochs:  10%|█         | 3/30 [00:08<01:35,  3.54s/it, t_loss=6, i_acc=0.385]
Epochs:  13%|█▎        | 4/30 [00:08<00:35,  1.37s/it, t_loss=6, i_acc=0.385]
Epochs:  13%|█▎        | 4/30 [00:08<00:35,  1.37s/it, t_loss=5.75, i_acc=0.269]
Epochs:  17%|█▋        | 5/30 [00:08<00:24,  1.01it/s, t_loss=5.75, i_acc=0.269]
Epochs:  17%|█▋        | 5/30 [00:08<00:24,  1.01it/s, t_loss=6.04, i_acc=0.269]
Epochs:  20%|██        | 6/30 [00:08<00:23,  1.01it/s, t_loss=6.98, i_acc=0.385]
Epochs:  23%|██▎       | 7/30 [00:09<00:13,  1.76it/s, t_loss=6.98, i_acc=0.385]
Epochs:  23%|██▎       | 7/30 [00:09<00:13,  1.76it/s, t_loss=7.17, i_acc=0.423]
Epochs:  27%|██▋       | 8/30 [00:09<00:12,  1.76it/s, t_loss=5.93, i_acc=0.385]
Epochs:  30%|███       | 9/30 [00:09<00:07,  2.72it/s, t_loss=5.93, i_acc=0.385]
Epochs:  30%|███       | 9/30 [00:09<00:07,  2.72it/s, t_loss=5.27, i_acc=0.462]
Epochs:  33%|███▎      | 10/30 [00:09<00:07,  2.72it/s, t_loss=5.71, i_acc=0.538]
Epochs:  37%|███▋      | 11/30 [00:09<00:04,  3.86it/s, t_loss=5.71, i_acc=0.538]
Epochs:  37%|███▋      | 11/30 [00:09<00:04,  3.86it/s, t_loss=5.62, i_acc=0.731]
Epochs:  40%|████      | 12/30 [00:09<00:04,  3.86it/s, t_loss=4.76, i_acc=0.731]
Epochs:  43%|████▎     | 13/30 [00:09<00:03,  5.15it/s, t_loss=4.76, i_acc=0.731]
Epochs:  43%|████▎     | 13/30 [00:09<00:03,  5.15it/s, t_loss=5.15, i_acc=0.538]
Epochs:  47%|████▋     | 14/30 [00:09<00:03,  5.15it/s, t_loss=4.75, i_acc=0.692]
Epochs:  50%|█████     | 15/30 [00:09<00:02,  6.38it/s, t_loss=4.75, i_acc=0.692]
Epochs:  50%|█████     | 15/30 [00:09<00:02,  6.38it/s, t_loss=4.37, i_acc=0.731]
Epochs:  53%|█████▎    | 16/30 [00:09<00:02,  6.38it/s, t_loss=4.37, i_acc=0.731]
Epochs:  57%|█████▋    | 17/30 [00:09<00:01,  6.95it/s, t_loss=4.37, i_acc=0.731]
Epochs:  57%|█████▋    | 17/30 [00:09<00:01,  6.95it/s, t_loss=5.21, i_acc=0.731]
Epochs:  60%|██████    | 18/30 [00:09<00:01,  6.95it/s, t_loss=4.3, i_acc=0.885]
Epochs:  63%|██████▎   | 19/30 [00:10<00:01,  7.90it/s, t_loss=4.3, i_acc=0.885]
Epochs:  63%|██████▎   | 19/30 [00:10<00:01,  7.90it/s, t_loss=3.94, i_acc=0.731]
Epochs:  67%|██████▋   | 20/30 [00:10<00:01,  7.90it/s, t_loss=4.11, i_acc=0.846]
Epochs:  70%|███████   | 21/30 [00:10<00:01,  8.80it/s, t_loss=4.11, i_acc=0.846]
Epochs:  70%|███████   | 21/30 [00:10<00:01,  8.80it/s, t_loss=4.64, i_acc=0.808]
Epochs:  73%|███████▎  | 22/30 [00:10<00:00,  8.80it/s, t_loss=3.99, i_acc=0.769]
Epochs:  77%|███████▋  | 23/30 [00:10<00:00,  9.69it/s, t_loss=3.99, i_acc=0.769]
Epochs:  77%|███████▋  | 23/30 [00:10<00:00,  9.69it/s, t_loss=3.7, i_acc=0.808]
Epochs:  80%|████████  | 24/30 [00:10<00:00,  9.69it/s, t_loss=3.85, i_acc=0.885]
Epochs:  83%|████████▎ | 25/30 [00:10<00:00, 10.03it/s, t_loss=3.85, i_acc=0.885]
Epochs:  83%|████████▎ | 25/30 [00:10<00:00, 10.03it/s, t_loss=3.42, i_acc=0.923]
Epochs:  87%|████████▋ | 26/30 [00:10<00:00, 10.03it/s, t_loss=3.44, i_acc=0.846]
Epochs:  90%|█████████ | 27/30 [00:10<00:00, 10.06it/s, t_loss=3.44, i_acc=0.846]
Epochs:  90%|█████████ | 27/30 [00:10<00:00, 10.06it/s, t_loss=3.08, i_acc=0.846]
Epochs:  93%|█████████▎| 28/30 [00:10<00:00, 10.06it/s, t_loss=3.26, i_acc=0.923]
Epochs:  97%|█████████▋| 29/30 [00:10<00:00,  9.09it/s, t_loss=3.26, i_acc=0.923]
Epochs:  97%|█████████▋| 29/30 [00:10<00:00,  9.09it/s, t_loss=3.99, i_acc=0.923]
Epochs: 100%|██████████| 30/30 [00:11<00:00,  9.09it/s, t_loss=3.23, i_acc=0.962]
Epochs: 100%|██████████| 30/30 [00:11<00:00,  2.70it/s, t_loss=3.23, i_acc=0.962]
2026-09-29 12:16:40 INFO     rasa.nlu.model  - Finished training component.
2026-09-29 12:16:40 INFO     rasa.nlu.model  - Starting to train component FallbackClassifier
2026-09-29 12:16:40 INFO     rasa.nlu.model  - Finished training component.
2026-09-29 12:16:41 INFO     rasa.nlu.model  - Successfully saved model into '/tmp/tmpatg9p1ao/nlu'
[94mNLU model training completed.[0m
[94mTraining Core model...[0m

Processed rules:   0%|          | 0/5 [00:00<?, ?it/s]
Processed rules:   0%|          | 0/5 [00:00<?, ?it/s, # trackers=1]
Processed rules:   0%|          | 0/5 [00:00<?, ?it/s, # trackers=1]
Processed rules:   0%|          | 0/5 [00:00<?, ?it/s, # trackers=1]
Processed rules:   0%|          | 0/5 [00:00<?, ?it/s, # trackers=1]
Processed rules:   0%|          | 0/5 [00:00<?, ?it/s, # trackers=1]
Processed rules: 100%|██████████| 5/5 [00:00<00:00, 2014.36it/s, # trackers=1]

Processed trackers:   0%|          | 0/5 [00:00<?, ?it/s]
Processed trackers:   0%|          | 0/5 [00:00<?, ?it/s, # action=1]
Processed trackers:   0%|          | 0/5 [00:00<?, ?it/s, # action=2]
Processed trackers:   0%|          | 0/5 [00:00<?, ?it/s, # action=3]
Processed trackers:   0%|          | 0/5 [00:00<?, ?it/s, # action=4]
Processed trackers:   0%|          | 0/5 [00:00<?, ?it/s, # action=5]
Processed trackers:   0%|          | 0/5 [00:00<?, ?it/s, # action=6]
Processed trackers:   0%|          | 0/5 [00:00<?, ?it/s, # action=7]
Processed trackers:   0%|          | 0/5 [00:00<?, ?it/s, # action=8]
Processed trackers:   0%|          | 0/5 [00:00<?, ?it/s, # action=9]
Processed trackers:   0%|          | 0/5 [00:00<?, ?it/s, # action=10]
Processed trackers:   0%|          | 0/5 [00:00<?, ?it/s, # action=11]
Processed trackers:   0%|          | 0/5 [00:00<?, ?it/s, # action=12]
Processed trackers: 100%|██████████| 5/5 [00:00<00:00, 3726.95it/s, # action=12]

Processed actions: 0it [00:00, ?it/s]
Processed actions: 0it [00:00, ?it/s, # examples=1]
Processed actions: 0it [00:00, ?it/s, # examples=2]
Processed actions: 0it [00:00, ?it/s, # examples=3]
Processed actions: 0it [00:00, ?it/s, # examples=4]
Processed actions: 0it [00:00, ?it/s, # examples=5]
Processed actions: 0it [00:00, ?it/s, # examples=6]
Processed actions: 0it [00:00, ?it/s, # examples=7]
Processed actions: 0it [00:00, ?it/s, # examples=8]
Processed actions: 0it [00:00, ?it/s, # examples=9]
Processed actions: 0it [00:00, ?it/s, # examples=10]
Processed actions: 12it [00:00, 10863.73it/s, # examples=10]

Processed trackers: 0it [00:00, ?it/s]
Processed trackers: 0it [00:00, ?it/s]

Processed trackers:   0%|          | 0/5 [00:00<?, ?it/s]
Processed trackers: 100%|██████████| 5/5 [00:00<00:00, 1817.45it/s]

Processed trackers:   0%|          | 0/5 [00:00<?, ?it/s]
Processed trackers: 100%|██████████| 5/5 [00:00<00:00, 3023.14it/s]
2026-09-29 12:16:49 INFO     rasa.core.agent  - Persisted model to '/tmp/tmpatg9p1ao/core'
[94mCore model training completed.[0m
[92mYour Rasa model is trained and saved at '/app/models/handoff.tar.gz'.[0m
